1457070077488 test one
1557083361280 test one
1557083361281 testi two
1557083361283 test three
1557083361284 testi test